nohup: ignoring input
[[1;34mINFO[m] Scanning for projects...
[[1;34mINFO[m] 
[[1;34mINFO[m] [1m----------------------< [0;36mcom.teamup:teamup-server[0;1m >----------------------[m
[[1;34mINFO[m] [1mBuilding Team Up Server 1.0.0[m
[[1;34mINFO[m] [1m--------------------------------[ jar ]---------------------------------[m
[[1;34mINFO[m] 
[[1;34mINFO[m] [1m>>> [0;32mspring-boot-maven-plugin:3.0.13:run[m [1m(default-cli)[0;1m > [0;1mtest-compile[m @ [36mteamup-server[0;1m >>>[m
[[1;34mINFO[m] 
[[1;34mINFO[m] [1m--- [0;32mmaven-resources-plugin:3.3.1:resources[m [1m(default-resources)[m @ [36mteamup-server[0;1m ---[m
[[1;34mINFO[m] Copying 1 resource from src/main/resources to target/classes
[[1;34mINFO[m] Copying 0 resource from src/main/resources to target/classes
[[1;34mINFO[m] 
[[1;34mINFO[m] [1m--- [0;32mmaven-compiler-plugin:3.10.1:compile[m [1m(default-compile)[m @ [36mteamup-server[0;1m ---[m
[[1;34mINFO[m] Nothing to compile - all classes are up to date
[[1;34mINFO[m] 
[[1;34mINFO[m] [1m--- [0;32mmaven-resources-plugin:3.3.1:testResources[m [1m(default-testResources)[m @ [36mteamup-server[0;1m ---[m
[[1;34mINFO[m] skip non existing resourceDirectory /root/Team up/backend/teamup-server/src/test/resources
[[1;34mINFO[m] 
[[1;34mINFO[m] [1m--- [0;32mmaven-compiler-plugin:3.10.1:testCompile[m [1m(default-testCompile)[m @ [36mteamup-server[0;1m ---[m
[[1;34mINFO[m] No sources to compile
[[1;34mINFO[m] 
[[1;34mINFO[m] [1m<<< [0;32mspring-boot-maven-plugin:3.0.13:run[m [1m(default-cli)[0;1m < [0;1mtest-compile[m @ [36mteamup-server[0;1m <<<[m
[[1;34mINFO[m] 
[[1;34mINFO[m] 
[[1;34mINFO[m] [1m--- [0;32mspring-boot-maven-plugin:3.0.13:run[m [1m(default-cli)[m @ [36mteamup-server[0;1m ---[m
[[1;34mINFO[m] Attaching agents: []
2026-01-21 17:05:13 [main] WARN  com.alibaba.nacos.client.logging.NacosLogging - Load Logback Configuration of Nacos fail, message: Could not initialize Logback Nacos logging from classpath:nacos-logback.xml

  .   ____          _            __ _ _
 /\\ / ___'_ __ _ _(_)_ __  __ _ \ \ \ \
( ( )\___ | '_ | '_| | '_ \/ _` | \ \ \ \
 \\/  ___)| |_)| | | | | || (_| |  ) ) ) )
  '  |____| .__|_| |_|_| |_\__, | / / / /
 =========|_|==============|___/=/_/_/_/
 :: Spring Boot ::               (v3.0.13)

2026-01-21 17:05:13 [main] WARN  com.alibaba.nacos.client.logging.NacosLogging - Load Logback Configuration of Nacos fail, message: Could not initialize Logback Nacos logging from classpath:nacos-logback.xml
2026-01-21 17:05:13 [main] INFO  com.teamup.server.TeamupServerApplication - Starting TeamupServerApplication using Java 17.0.16 with PID 1072062 (/root/Team up/backend/teamup-server/target/classes started by root in /root/Team up/backend/teamup-server)
2026-01-21 17:05:13 [main] DEBUG com.teamup.server.TeamupServerApplication - Running with Spring Boot v3.0.13, Spring v6.0.14
2026-01-21 17:05:13 [main] INFO  com.teamup.server.TeamupServerApplication - No active profile set, falling back to 1 default profile: "default"
2026-01-21 17:05:14 [main] INFO  o.s.d.r.config.RepositoryConfigurationDelegate - Multiple Spring Data modules found, entering strict repository configuration mode
2026-01-21 17:05:14 [main] INFO  o.s.d.r.config.RepositoryConfigurationDelegate - Bootstrapping Spring Data Elasticsearch repositories in DEFAULT mode.
2026-01-21 17:05:15 [main] INFO  o.s.d.r.config.RepositoryConfigurationDelegate - Finished Spring Data repository scanning in 276 ms. Found 1 Elasticsearch repository interfaceinterface.
2026-01-21 17:05:15 [main] INFO  o.s.d.r.config.RepositoryConfigurationDelegate - Multiple Spring Data modules found, entering strict repository configuration mode
2026-01-21 17:05:15 [main] INFO  o.s.d.r.config.RepositoryConfigurationDelegate - Bootstrapping Spring Data Reactive Elasticsearch repositories in DEFAULT mode.
2026-01-21 17:05:15 [main] INFO  o.s.d.r.config.RepositoryConfigurationDelegate - Finished Spring Data repository scanning in 10 ms. Found 0 Reactive Elasticsearch repository interfaceinterfaces.
2026-01-21 17:05:15 [main] INFO  o.s.d.r.config.RepositoryConfigurationDelegate - Multiple Spring Data modules found, entering strict repository configuration mode
2026-01-21 17:05:15 [main] INFO  o.s.d.r.config.RepositoryConfigurationDelegate - Bootstrapping Spring Data Redis repositories in DEFAULT mode.
2026-01-21 17:05:15 [main] INFO  o.s.d.r.c.RepositoryConfigurationExtensionSupport - Spring Data Redis - Could not safely identify store assignment for repository candidate interface com.teamup.server.modules.project.es.ProjectEsRepository; If you want this repository to be a Redis repository, consider annotating your entities with one of these annotations: org.springframework.data.redis.core.RedisHash (preferred), or consider extending one of the following types with your repository: org.springframework.data.keyvalue.repository.KeyValueRepository
2026-01-21 17:05:15 [main] INFO  o.s.d.r.config.RepositoryConfigurationDelegate - Finished Spring Data repository scanning in 14 ms. Found 0 Redis repository interfaceinterfaces.
2026-01-21 17:05:15 [main] INFO  o.springframework.cloud.context.scope.GenericScope - BeanFactory id=15e8c6e5-2aa7-3a48-88e4-fdb9bc8327e1
2026-01-21 17:05:15 [main] INFO  o.s.c.s.PostProcessorRegistrationDelegate$BeanPostProcessorChecker - Bean 'com.teamup.server.modules.project.client.MatchingFeignClient' of type [org.springframework.cloud.openfeign.FeignClientFactoryBean] is not eligible for getting processed by all BeanPostProcessors (for example: not eligible for auto-proxying)
2026-01-21 17:05:16 [main] INFO  o.s.boot.web.embedded.tomcat.TomcatWebServer - Tomcat initialized with port(s): 8080 (http)
2026-01-21 17:05:16 [main] INFO  org.apache.catalina.core.StandardService - Starting service [Tomcat]
2026-01-21 17:05:16 [main] INFO  org.apache.catalina.core.StandardEngine - Starting Servlet engine: [Apache Tomcat/10.1.16]
2026-01-21 17:05:16 [main] INFO  o.a.c.core.ContainerBase.[Tomcat].[localhost].[/] - Initializing Spring embedded WebApplicationContext
2026-01-21 17:05:16 [main] INFO  o.s.b.w.s.c.ServletWebServerApplicationContext - Root WebApplicationContext: initialization completed in 2776 ms
Logging initialized using 'class org.apache.ibatis.logging.stdout.StdOutImpl' adapter.
Initialization Sequence datacenterId:1 workerId:1
 _ _   |_  _ _|_. ___ _ |    _ 
| | |\/|_)(_| | |_\  |_)||_|_\ 
     /               |         
                        3.5.5 
2026-01-21 17:05:16 [main] DEBUG c.t.s.modules.user.filter.JwtAuthenticationFilter - Filter 'jwtAuthenticationFilter' configured for use
2026-01-21 17:05:18 [main] INFO  o.s.cloud.openfeign.FeignClientFactoryBean - For 'matching-service' URL not provided. Will try picking an instance via load-balancing.
2026-01-21 17:05:18 [main] INFO  o.s.security.web.DefaultSecurityFilterChain - Will secure any request with [org.springframework.security.web.session.DisableEncodeUrlFilter@1a4ae53d, org.springframework.security.web.context.request.async.WebAsyncManagerIntegrationFilter@1368e2f7, org.springframework.security.web.context.SecurityContextHolderFilter@fb42c1c, org.springframework.security.web.header.HeaderWriterFilter@5513a46b, org.springframework.web.filter.CorsFilter@4d84688f, org.springframework.security.web.authentication.logout.LogoutFilter@749c0669, com.teamup.server.modules.user.filter.JwtAuthenticationFilter@6a96d639, org.springframework.security.web.savedrequest.RequestCacheAwareFilter@2911db81, org.springframework.security.web.servletapi.SecurityContextHolderAwareRequestFilter@57a0c261, org.springframework.security.web.authentication.AnonymousAuthenticationFilter@3ee68eb2, org.springframework.security.web.session.SessionManagementFilter@52c27d53, org.springframework.security.web.access.ExceptionTranslationFilter@73fe7483, org.springframework.security.web.access.intercept.AuthorizationFilter@3fd6dfbc]
2026-01-21 17:05:18 [main] WARN  o.s.c.l.c.LoadBalancerCacheAutoConfiguration$LoadBalancerCaffeineWarnLogger - Spring Cloud LoadBalancer is currently working with the default cache. While this cache implementation is useful for development and tests, it's recommended to use Caffeine cache in production.You can switch to using Caffeine cache, by adding it and org.springframework.cache.caffeine.CaffeineCacheManager to the classpath.
2026-01-21 17:05:18 [main] WARN  o.s.b.w.s.c.AnnotationConfigServletWebServerApplicationContext - Exception encountered during context initialization - cancelling refresh attempt: org.springframework.context.ApplicationContextException: Failed to start bean 'webServerStartStop'
2026-01-21 17:05:18 [main] INFO  com.alibaba.druid.pool.DruidDataSource - {dataSource-0} closing ...
2026-01-21 17:05:18 [main] INFO  org.apache.catalina.core.StandardService - Stopping service [Tomcat]
2026-01-21 17:05:18 [main] INFO  o.s.b.a.logging.ConditionEvaluationReportLogger - 

Error starting ApplicationContext. To display the condition evaluation report re-run your application with 'debug' enabled.
2026-01-21 17:05:18 [main] ERROR o.s.b.diagnostics.LoggingFailureAnalysisReporter - 

***************************
APPLICATION FAILED TO START
***************************

Description:

Web server failed to start. Port 8080 was already in use.

Action:

Identify and stop the process that's listening on port 8080 or configure this application to listen on another port.

[[1;34mINFO[m] [1m------------------------------------------------------------------------[m
[[1;34mINFO[m] [1;31mBUILD FAILURE[m
[[1;34mINFO[m] [1m------------------------------------------------------------------------[m
[[1;34mINFO[m] Total time:  10.134 s
[[1;34mINFO[m] Finished at: 2026-01-21T17:05:19+08:00
[[1;34mINFO[m] [1m------------------------------------------------------------------------[m
[[1;31mERROR[m] Failed to execute goal [32morg.springframework.boot:spring-boot-maven-plugin:3.0.13:run[m [1m(default-cli)[m on project [36mteamup-server[m: [1;31mProcess terminated with exit code: 1[m -> [1m[Help 1][m
[[1;31mERROR[m] 
[[1;31mERROR[m] To see the full stack trace of the errors, re-run Maven with the [1m-e[m switch.
[[1;31mERROR[m] Re-run Maven using the [1m-X[m switch to enable full debug logging.
[[1;31mERROR[m] 
[[1;31mERROR[m] For more information about the errors and possible solutions, please read the following articles:
[[1;31mERROR[m] [1m[Help 1][m http://cwiki.apache.org/confluence/display/MAVEN/MojoExecutionException
